[ 2026-10-03 10:14:50,714 ] 18 root - INFO - Initiate Data Ingestion
[ 2026-10-03 10:15:29,927 ] 58 root - INFO - Successfully performed train test split on df
[ 2026-10-03 10:15:29,928 ] 63 root - INFO - Exporting train and test file path
[ 2026-10-03 10:15:29,992 ] 71 root - INFO - Exported train and test file path
[ 2026-10-03 10:15:29,992 ] 21 root - INFO - Data Ingestion Completed
[ 2026-10-03 10:15:29,998 ] 23 root - INFO - Initiate Data Validation
[ 2026-10-03 10:15:30,083 ] 32 root - INFO - Required number of columns: 2
[ 2026-10-03 10:15:30,083 ] 33 root - INFO - DF has columns: 31
[ 2026-10-03 10:15:30,087 ] 32 root - INFO - Required number of columns: 2
[ 2026-10-03 10:15:30,087 ] 33 root - INFO - DF has columns: 31
[ 2026-10-03 10:15:30,268 ] 25 root - INFO - Data Validation Completed
[ 2026-10-03 10:15:30,268 ] 26 root - INFO - Initiate Data Transformation
[ 2026-10-03 10:15:30,268 ] 40 root - INFO - Entered initiate_data_transformation method
[ 2026-10-03 10:15:30,268 ] 42 root - INFO - Starting data transformation
[ 2026-10-03 10:15:30,315 ] 23 root - INFO - Entered get_data_transformer_obj method of DataTransformation class.
[ 2026-10-03 10:15:30,316 ] 26 root - INFO - Initialize parameters are: {'missing_values': nan, 'n_neighbors': 3, 'weights': 'uniform'}
[ 2026-10-03 10:15:30,366 ] 48 root - INFO - Entered save_object function of main_utils class
[ 2026-10-03 10:15:30,373 ] 52 root - INFO - Exited save_object function of main_utils class
[ 2026-10-03 10:15:30,374 ] 30 root - INFO - Data Transformation Completed
[ 2026-10-03 10:15:30,374 ] 31 root - INFO - Initiate Model Trainer
[ 2026-10-03 10:20:49,557 ] 48 root - INFO - Entered save_object function of main_utils class
[ 2026-10-03 10:20:49,564 ] 52 root - INFO - Exited save_object function of main_utils class
[ 2026-10-03 10:20:49,564 ] 83 root - INFO - Model Trainer Artifact: ModelTrainerArtifact(trained_model_file_path='Artifacts\\10_03_2026_10_14_49\\model_trainer\\trained_model\\model.pkl', train_metric_artifact=ClassificationMetricArtifact(f1_score=0.9914184755174155, precision_score=0.9897198145535174, recall_score=0.9897198145535174), test_metric_artifact=ClassificationMetricArtifact(f1_score=0.9758691206543967, precision_score=0.9683441558441559, recall_score=0.9683441558441559))
[ 2026-10-03 10:20:49,565 ] 35 root - INFO - Model Trainer Completed
